// Jest Snapshot v1, https://goo.gl/fbAQLP

exports[`renders CardList component without crashing 1`] = `
<DocumentFragment>
  <div
    class="row row-cols-1 row-cols-md-3 mt-3"
  >
    <div
      class="col mb-4"
    >
      <div
        class="card"
        tabindex="0"
      >
        <img
          alt="pikachu"
          class="card-img-top"
          src="https://raw.githubusercontent.com/PokeAPI/sprites/master/sprites/pokemon/25.png"
        />
        <div
          class="card-body"
        >
          <h5
            class="card-title text-center"
          >
            pikachu
          </h5>
          <p
            class="card-text text-center"
          >
            <span
              class="badge badge-pill badge-electric mx-1"
              data-testid="pokemon-type-electric"
            >
              electric
            </span>
          </p>
        </div>
      </div>
    </div>
  </div>
</DocumentFragment>
`;
